[deploy] Building executable...
[2026-04-28 16:18:02] [INFO] Build named executable started
[2026-04-28 16:18:02] [INFO] Root: C:\Users\csantos\AppData\Local\Z7\Apps\Z7_SentinelTray
[2026-04-28 16:18:02] [INFO] Python: C:\Users\csantos\AppData\Local\Z7\Apps\Z7_SentinelTray\.venv\Scripts\python.exe
[2026-04-28 16:18:04] [INFO] Requirement already satisfied: pip in .\.venv\Lib\site-packages (26.1)
[2026-04-28 16:18:08] [INFO] Requirement already satisfied: pyinstaller in .\.venv\Lib\site-packages (6.20.0)
[2026-04-28 16:18:08] [INFO] Requirement already satisfied: altgraph in .\.venv\Lib\site-packages (from pyinstaller) (0.17.5)
[2026-04-28 16:18:08] [INFO] Requirement already satisfied: packaging>=22.0 in .\.venv\Lib\site-packages (from pyinstaller) (26.0)
[2026-04-28 16:18:08] [INFO] Requirement already satisfied: pefile>=2022.5.30 in .\.venv\Lib\site-packages (from pyinstaller) (2024.8.26)
[2026-04-28 16:18:08] [INFO] Requirement already satisfied: pyinstaller-hooks-contrib>=2026.4 in .\.venv\Lib\site-packages (from pyinstaller) (2026.4)
[2026-04-28 16:18:08] [INFO] Requirement already satisfied: pywin32-ctypes>=0.2.1 in .\.venv\Lib\site-packages (from pyinstaller) (0.2.3)
[2026-04-28 16:18:09] [INFO] Requirement already satisfied: setuptools>=42.0.0 in .\.venv\Lib\site-packages (from pyinstaller) (82.0.1)
powershell : 481 INFO: PyInstaller: 6.20.0, contrib hooks: 2026.4
No linha:1 caractere:1
+ powershell -File scripts\deploy.ps1 2>&1 | Tee-Object build_output.tx ...
+ ~~~~~~~~~~~~~~~~~~~~~~~~~~~~~~~~~~~~~~~~
    + CategoryInfo          : NotSpecified: (481 INFO: PyIns...b hooks: 2026.4 
   :String) [], RemoteException
    + FullyQualifiedErrorId : NativeCommandError
 
482 INFO: Python: 3.14.4
569 INFO: Platform: Windows-11-10.0.26100-SP0
569 INFO: Python environment: 
C:\Users\csantos\AppData\Local\Z7\Apps\Z7_SentinelTray\.venv
575 INFO: Removing temporary files and cleaning cache in 
C:\Users\csantos\AppData\Local\pyinstaller
602 INFO: Module search paths (PYTHONPATH):
['C:\\Users\\csantos\\AppData\\Local\\Z7\\Apps\\Z7_SentinelTray',
 'C:\\Users\\csantos\\AppData\\Local\\Programs\\Python\\Python314\\python314.zi
p',
 'C:\\Users\\csantos\\AppData\\Local\\Programs\\Python\\Python314\\DLLs',
 'C:\\Users\\csantos\\AppData\\Local\\Programs\\Python\\Python314\\Lib',
 'C:\\Users\\csantos\\AppData\\Local\\Programs\\Python\\Python314',
 'C:\\Users\\csantos\\AppData\\Local\\Z7\\Apps\\Z7_SentinelTray\\.venv',
 'C:\\Users\\csantos\\AppData\\Local\\Z7\\Apps\\Z7_SentinelTray\\.venv\\Lib\\si
te-packages',
 'C:\\Users\\csantos\\AppData\\Local\\Z7\\Apps\\Z7_SentinelTray\\.venv\\Lib\\si
te-packages\\win32',
 'C:\\Users\\csantos\\AppData\\Local\\Z7\\Apps\\Z7_SentinelTray\\.venv\\Lib\\si
te-packages\\win32\\lib',
 'C:\\Users\\csantos\\AppData\\Local\\Z7\\Apps\\Z7_SentinelTray\\.venv\\Lib\\si
te-packages\\Pythonwin',
 'C:\\Users\\csantos\\AppData\\Local\\Z7\\Apps\\Z7_SentinelTray',
 'C:\\Users\\csantos\\AppData\\Local\\Z7\\Apps\\Z7_SentinelTray\\src']
1497 INFO: Appending 'datas' from .spec
1498 INFO: checking Analysis
1498 INFO: Building Analysis because Analysis-00.toc is non existent
1498 INFO: Looking for Python shared library...
1498 INFO: Using Python shared library: 
C:\Users\csantos\AppData\Local\Programs\Python\Python314\python314.dll
1499 INFO: Running Analysis Analysis-00.toc
1499 INFO: Target bytecode optimization level: 0
1499 INFO: Initializing module dependency graph...
1502 INFO: Initializing module graph hook caches...
1635 INFO: Analyzing modules for base_library.zip ...
5550 INFO: Processing standard module hook 'hook-encodings.py' from 'C:\\Users\
\csantos\\AppData\\Local\\Z7\\Apps\\Z7_SentinelTray\\.venv\\Lib\\site-packages\
\PyInstaller\\hooks'
6995 INFO: Processing standard module hook 'hook-pickle.py' from 'C:\\Users\\cs
antos\\AppData\\Local\\Z7\\Apps\\Z7_SentinelTray\\.venv\\Lib\\site-packages\\Py
Installer\\hooks'
7840 INFO: Processing standard module hook 'hook-difflib.py' from 'C:\\Users\\c
santos\\AppData\\Local\\Z7\\Apps\\Z7_SentinelTray\\.venv\\Lib\\site-packages\\P
yInstaller\\hooks'
7873 INFO: Processing standard module hook 'hook-heapq.py' from 'C:\\Users\\csa
ntos\\AppData\\Local\\Z7\\Apps\\Z7_SentinelTray\\.venv\\Lib\\site-packages\\PyI
nstaller\\hooks'
13078 INFO: Caching module dependency graph...
13183 INFO: Analyzing 
C:\Users\csantos\AppData\Local\Z7\Apps\Z7_SentinelTray\main.py
13399 INFO: Processing standard module hook 'hook-sysconfig.py' from 'C:\\Users
\\csantos\\AppData\\Local\\Z7\\Apps\\Z7_SentinelTray\\.venv\\Lib\\site-packages
\\PyInstaller\\hooks'
13417 INFO: Processing standard module hook 'hook-_ctypes.py' from 'C:\\Users\\
csantos\\AppData\\Local\\Z7\\Apps\\Z7_SentinelTray\\.venv\\Lib\\site-packages\\
PyInstaller\\hooks'
14138 INFO: Processing standard module hook 'hook-platform.py' from 'C:\\Users\
\csantos\\AppData\\Local\\Z7\\Apps\\Z7_SentinelTray\\.venv\\Lib\\site-packages\
\PyInstaller\\hooks'
15405 INFO: Processing pre-find-module-path hook 'hook-tkinter.py' from 'C:\\Us
ers\\csantos\\AppData\\Local\\Z7\\Apps\\Z7_SentinelTray\\.venv\\Lib\\site-packa
ges\\PyInstaller\\hooks\\pre_find_module_path'
15409 INFO: TclTkInfo: initializing cached Tcl/Tk info...
16305 INFO: Processing standard module hook 'hook-_tkinter.py' from 'C:\\Users\
\csantos\\AppData\\Local\\Z7\\Apps\\Z7_SentinelTray\\.venv\\Lib\\site-packages\
\PyInstaller\\hooks'
16474 INFO: Processing standard module hook 'hook-pythoncom.py' from 'C:\\Users
\\csantos\\AppData\\Local\\Z7\\Apps\\Z7_SentinelTray\\.venv\\Lib\\site-packages
\\_pyinstaller_hooks_contrib\\stdhooks'
16789 INFO: Processing standard module hook 'hook-pywintypes.py' from 'C:\\User
s\\csantos\\AppData\\Local\\Z7\\Apps\\Z7_SentinelTray\\.venv\\Lib\\site-package
s\\_pyinstaller_hooks_contrib\\stdhooks'
17530 INFO: Processing standard module hook 'hook-comtypes.client.py' from 'C:\
\Users\\csantos\\AppData\\Local\\Z7\\Apps\\Z7_SentinelTray\\.venv\\Lib\\site-pa
ckages\\_pyinstaller_hooks_contrib\\stdhooks'
19305 INFO: Processing standard module hook 'hook-PIL.py' from 'C:\\Users\\csan
tos\\AppData\\Local\\Z7\\Apps\\Z7_SentinelTray\\.venv\\Lib\\site-packages\\PyIn
staller\\hooks'
19587 INFO: Processing standard module hook 'hook-PIL.Image.py' from 'C:\\Users
\\csantos\\AppData\\Local\\Z7\\Apps\\Z7_SentinelTray\\.venv\\Lib\\site-packages
\\PyInstaller\\hooks'
20575 INFO: Processing standard module hook 'hook-xml.py' from 'C:\\Users\\csan
tos\\AppData\\Local\\Z7\\Apps\\Z7_SentinelTray\\.venv\\Lib\\site-packages\\PyIn
staller\\hooks'
20627 INFO: Processing standard module hook 'hook-xml.etree.cElementTree.py' 
from 'C:\\Users\\csantos\\AppData\\Local\\Z7\\Apps\\Z7_SentinelTray\\.venv\\Lib
\\site-packages\\PyInstaller\\hooks'
21056 INFO: Processing standard module hook 'hook-PIL.ImageFilter.py' from 'C:\
\Users\\csantos\\AppData\\Local\\Z7\\Apps\\Z7_SentinelTray\\.venv\\Lib\\site-pa
ckages\\PyInstaller\\hooks'
C:\Users\csantos\AppData\Local\Z7\Apps\Z7_SentinelTray\.venv\Lib\site-packages\
pywinauto\keyboard.py:105: SyntaxWarning: "\;" is an invalid escape sequence. 
Such sequences will not work in the future. Did you mean "\\;"? A raw string 
is also an option.
  option only affects the behavior of keys matching [-=[]\;',./a-zA-Z0-9 ].  
Note
C:\Users\csantos\AppData\Local\Z7\Apps\Z7_SentinelTray\.venv\Lib\site-packages\
pywinauto\linux\keyboard.py:55: SyntaxWarning: "\e" is an invalid escape 
sequence. Such sequences will not work in the future. Did you mean "\\e"? A 
raw string is also an option.
  '\e': "Escape",
22674 INFO: Processing standard module hook 'hook-multiprocessing.util.py' 
from 'C:\\Users\\csantos\\AppData\\Local\\Z7\\Apps\\Z7_SentinelTray\\.venv\\Lib
\\site-packages\\PyInstaller\\hooks'
23500 INFO: Processing pre-safe-import-module hook 'hook-win32com.py' from 'C:\
\Users\\csantos\\AppData\\Local\\Z7\\Apps\\Z7_SentinelTray\\.venv\\Lib\\site-pa
ckages\\_pyinstaller_hooks_contrib\\pre_safe_import_module'
23833 INFO: Processing standard module hook 'hook-win32com.py' from 'C:\\Users\
\csantos\\AppData\\Local\\Z7\\Apps\\Z7_SentinelTray\\.venv\\Lib\\site-packages\
\_pyinstaller_hooks_contrib\\stdhooks'
24388 INFO: Processing standard module hook 'hook-pystray.py' from 'C:\\Users\\
csantos\\AppData\\Local\\Z7\\Apps\\Z7_SentinelTray\\.venv\\Lib\\site-packages\\
_pyinstaller_hooks_contrib\\stdhooks'
25205 INFO: Processing pre-safe-import-module hook 'hook-six.moves.py' from 'C:
\\Users\\csantos\\AppData\\Local\\Z7\\Apps\\Z7_SentinelTray\\.venv\\Lib\\site-p
ackages\\PyInstaller\\hooks\\pre_safe_import_module'
25486 INFO: Processing pre-safe-import-module hook 'hook-gi.py' from 'C:\\Users
\\csantos\\AppData\\Local\\Z7\\Apps\\Z7_SentinelTray\\.venv\\Lib\\site-packages
\\PyInstaller\\hooks\\pre_safe_import_module'
C:\Users\csantos\AppData\Local\Z7\Apps\Z7_SentinelTray\.venv\Lib\site-packages\
pystray\_util\gtk.py:53: SyntaxWarning: 'return' in a 'finally' block
  return False
25893 INFO: Processing module hooks (post-graph stage)...
26866 INFO: Processing standard module hook 'hook-PIL.SpiderImagePlugin.py' 
from 'C:\\Users\\csantos\\AppData\\Local\\Z7\\Apps\\Z7_SentinelTray\\.venv\\Lib
\\site-packages\\PyInstaller\\hooks'
27131 INFO: Processing standard module hook 'hook-_tkinter.py' from 'C:\\Users\
\csantos\\AppData\\Local\\Z7\\Apps\\Z7_SentinelTray\\.venv\\Lib\\site-packages\
\PyInstaller\\hooks'
27157 INFO: Performing binary vs. data reclassification (930 entries)
27917 INFO: Looking for ctypes DLLs
28420 INFO: Analyzing run-time hooks ...
28427 INFO: Including run-time hook 'pyi_rth_inspect.py' from 'C:\\Users\\csant
os\\AppData\\Local\\Z7\\Apps\\Z7_SentinelTray\\.venv\\Lib\\site-packages\\PyIns
taller\\hooks\\rthooks'
28433 INFO: Including run-time hook 'pyi_rth_pywintypes.py' from 'C:\\Users\\cs
antos\\AppData\\Local\\Z7\\Apps\\Z7_SentinelTray\\.venv\\Lib\\site-packages\\_p
yinstaller_hooks_contrib\\rthooks'
28437 INFO: Including run-time hook 'pyi_rth_multiprocessing.py' from 'C:\\User
s\\csantos\\AppData\\Local\\Z7\\Apps\\Z7_SentinelTray\\.venv\\Lib\\site-package
s\\PyInstaller\\hooks\\rthooks'
28448 INFO: Including run-time hook 'pyi_rth_pkgutil.py' from 'C:\\Users\\csant
os\\AppData\\Local\\Z7\\Apps\\Z7_SentinelTray\\.venv\\Lib\\site-packages\\PyIns
taller\\hooks\\rthooks'
28454 INFO: Including run-time hook 'pyi_rth_pythoncom.py' from 'C:\\Users\\csa
ntos\\AppData\\Local\\Z7\\Apps\\Z7_SentinelTray\\.venv\\Lib\\site-packages\\_py
installer_hooks_contrib\\rthooks'
28460 INFO: Including run-time hook 'pyi_rth__tkinter.py' from 'C:\\Users\\csan
tos\\AppData\\Local\\Z7\\Apps\\Z7_SentinelTray\\.venv\\Lib\\site-packages\\PyIn
staller\\hooks\\rthooks'
28519 INFO: Creating base_library.zip...
28572 INFO: Looking for dynamic libraries
29727 INFO: Extra DLL search directories (AddDllDirectory): []
29727 INFO: Extra DLL search directories (PATH): []
30885 INFO: Warnings written to C:\Users\csantos\AppData\Local\Z7\Apps\Z7_Senti
nelTray\build\pyinstaller\Z7_SentinelTray\warn-Z7_SentinelTray.txt
30988 INFO: Graph cross-reference written to C:\Users\csantos\AppData\Local\Z7\
Apps\Z7_SentinelTray\build\pyinstaller\Z7_SentinelTray\xref-Z7_SentinelTray.htm
l
31214 INFO: checking PYZ
31214 INFO: Building PYZ because PYZ-00.toc is non existent
31214 INFO: Building PYZ (ZlibArchive) C:\Users\csantos\AppData\Local\Z7\Apps\Z
7_SentinelTray\build\pyinstaller\Z7_SentinelTray\PYZ-00.pyz
31762 INFO: Building PYZ (ZlibArchive) C:\Users\csantos\AppData\Local\Z7\Apps\Z
7_SentinelTray\build\pyinstaller\Z7_SentinelTray\PYZ-00.pyz completed 
successfully.
31849 INFO: checking PKG
31849 INFO: Building PKG because PKG-00.toc is non existent
31849 INFO: Building PKG (CArchive) Z7_SentinelTray.pkg
37145 INFO: Building PKG (CArchive) Z7_SentinelTray.pkg completed successfully.
37252 INFO: Bootloader C:\Users\csantos\AppData\Local\Z7\Apps\Z7_SentinelTray\.
venv\Lib\site-packages\PyInstaller\bootloader\Windows-64bit-intel\runw.exe
37252 INFO: checking EXE
37253 INFO: Building EXE because EXE-00.toc is non existent
37253 INFO: Building EXE from EXE-00.toc
Traceback (most recent call last):
  File "<frozen runpy>", line 198, in _run_module_as_main
  File "<frozen runpy>", line 88, in _run_code
  File "C:\Users\csantos\AppData\Local\Z7\Apps\Z7_SentinelTray\.venv\Lib\site-p
ackages\PyInstaller\__main__.py", line 321, in <module>
    run()
    ~~~^^
  File "C:\Users\csantos\AppData\Local\Z7\Apps\Z7_SentinelTray\.venv\Lib\site-p
ackages\PyInstaller\__main__.py", line 215, in run
    run_build(pyi_config, spec_file, **vars(args))
    ~~~~~~~~~^^^^^^^^^^^^^^^^^^^^^^^^^^^^^^^^^^^^^
  File "C:\Users\csantos\AppData\Local\Z7\Apps\Z7_SentinelTray\.venv\Lib\site-p
ackages\PyInstaller\__main__.py", line 70, in run_build
    PyInstaller.building.build_main.main(pyi_config, spec_file, **kwargs)
    ~~~~~~~~~~~~~~~~~~~~~~~~~~~~~~~~~~~~^^^^^^^^^^^^^^^^^^^^^^^^^^^^^^^^^
  File "C:\Users\csantos\AppData\Local\Z7\Apps\Z7_SentinelTray\.venv\Lib\site-p
ackages\PyInstaller\building\build_main.py", line 1275, in main
    build(specfile, distpath, workpath, clean_build)
    ~~~~~^^^^^^^^^^^^^^^^^^^^^^^^^^^^^^^^^^^^^^^^^^^
  File "C:\Users\csantos\AppData\Local\Z7\Apps\Z7_SentinelTray\.venv\Lib\site-p
ackages\PyInstaller\building\build_main.py", line 1213, in build
    exec(code, spec_namespace)
    ~~~~^^^^^^^^^^^^^^^^^^^^^^
  File 
"C:\Users\csantos\AppData\Local\Z7\Apps\Z7_SentinelTray\Z7_SentinelTray.spec", 
line 19, in <module>
    exe = EXE(
        pyz,
    ...<17 lines>...
        icon='C:\\Users\\csantos\\AppData\\Local\\Z7\\Apps\\Z7_SentinelTray\\as
sets\\icon.ico',
    )
  File "C:\Users\csantos\AppData\Local\Z7\Apps\Z7_SentinelTray\.venv\Lib\site-p
ackages\PyInstaller\building\api.py", line 675, in __init__
    self.__postinit__()
    ~~~~~~~~~~~~~~~~~^^
  File "C:\Users\csantos\AppData\Local\Z7\Apps\Z7_SentinelTray\.venv\Lib\site-p
ackages\PyInstaller\building\datastruct.py", line 184, in __postinit__
    self.assemble()
    ~~~~~~~~~~~~~^^
  File "C:\Users\csantos\AppData\Local\Z7\Apps\Z7_SentinelTray\.venv\Lib\site-p
ackages\PyInstaller\building\api.py", line 769, in assemble
    os.remove(self.name)
    ~~~~~~~~~^^^^^^^^^^^
PermissionError: [WinError 5] Acesso negado: 'C:\\Users\\csantos\\AppData\\Loca
l\\Z7\\Apps\\Z7_SentinelTray\\dist\\Z7_SentinelTray.exe'
[2026-04-28 16:18:47] [INFO] Build complete: C:\Users\csantos\AppData\Local\Z7\Apps\Z7_SentinelTray\dist\Z7_SentinelTray.exe
[2026-04-28 16:18:47] [INFO] Task Manager will show: Z7_SentinelTray.exe

[deploy] Ready: C:\Users\csantos\AppData\Local\Z7\Apps\Z7_SentinelTray\dist\Z7_SentinelTray.exe
[deploy] Size : 23.56 MB
[deploy] Date : 2026-04-28 11:56:57
